// Jest Snapshot v1, https://goo.gl/fbAQLP

exports[`command create should match host snapshot 1`] = `
Object {
  "cleanup": [Function],
  "frames": Array [
    "",
  ],
  "lastFrame": [Function],
  "rerender": [Function],
  "stderr": Stderr {
    "_events": Object {},
    "_eventsCount": 0,
    "_maxListeners": undefined,
    "frames": Array [],
    "lastFrame": [Function],
    "write": [Function],
    Symbol(kCapture): false,
  },
  "stdin": Stdin {
    "_events": Object {},
    "_eventsCount": 0,
    "_maxListeners": undefined,
    "isTTY": true,
    "write": [Function],
    Symbol(kCapture): false,
  },
  "stdout": Stdout {
    "_events": Object {
      "resize": [Function],
    },
    "_eventsCount": 1,
    "_lastFrame": "",
    "_maxListeners": undefined,
    "frames": Array [
      "",
    ],
    "lastFrame": [Function],
    "write": [Function],
    Symbol(kCapture): false,
  },
  "unmount": [Function],
}
`;

exports[`command create should match remote snapshot 1`] = `
Object {
  "cleanup": [Function],
  "frames": Array [
    "",
  ],
  "lastFrame": [Function],
  "rerender": [Function],
  "stderr": Stderr {
    "_events": Object {},
    "_eventsCount": 0,
    "_maxListeners": undefined,
    "frames": Array [],
    "lastFrame": [Function],
    "write": [Function],
    Symbol(kCapture): false,
  },
  "stdin": Stdin {
    "_events": Object {},
    "_eventsCount": 0,
    "_maxListeners": undefined,
    "isTTY": true,
    "write": [Function],
    Symbol(kCapture): false,
  },
  "stdout": Stdout {
    "_events": Object {
      "resize": [Function],
    },
    "_eventsCount": 1,
    "_lastFrame": "",
    "_maxListeners": undefined,
    "frames": Array [
      "",
    ],
    "lastFrame": [Function],
    "write": [Function],
    Symbol(kCapture): false,
  },
  "unmount": [Function],
}
`;
